producer-1  | 2026-09-26T02:13:04.111116051Z [PRODUCER sensor-01] Topico=dados-sensores | Particao=2 | Offset=4 | Temperatura=93.33 ┬░C | Vibracao=4.06
producer-1  | 2026-09-26T02:13:06.129476782Z [PRODUCER sensor-01] Topico=dados-sensores | Particao=0 | Offset=3 | Temperatura=96.62 ┬░C | Vibracao=0.1
producer-1  | 2026-09-26T02:13:08.146224238Z [PRODUCER sensor-01] Topico=dados-sensores | Particao=2 | Offset=5 | Temperatura=77.45 ┬░C | Vibracao=4.27
consumer-3  | 2026-09-26T02:13:29.339988265Z Consumer iniciado: 39a24bf4e92c
consumer-3  | 2026-09-26T02:13:29.340155761Z Topico: dados-sensores
consumer-3  | 2026-09-26T02:13:29.340165631Z Grupo: processadores-sensores
consumer-1  | 2026-09-26T02:13:04.109691620Z [CONSUMER c09c05e99dcc] Particao=2 | Offset=4 | Sensor=sensor-01 | Temperatura=93.33 ┬░C | Vibracao=4.06
consumer-3  | 2026-09-26T02:13:29.417545267Z /app/consumer.py:59: DeprecationWarning: value_deserializer does not implement kafka.serializer.Deserializer
consumer-1  | 2026-09-26T02:13:04.109788881Z [ALERTA] Consumer=c09c05e99dcc | Sensor=sensor-01 | Temperatura=93.33 ┬░C
consumer-1  | 2026-09-26T02:13:06.129392130Z [CONSUMER c09c05e99dcc] Particao=0 | Offset=3 | Sensor=sensor-01 | Temperatura=96.62 ┬░C | Vibracao=0.1
consumer-2  | 2026-09-26T02:13:30.321831787Z Consumer iniciado: a15a28426248
consumer-1  | 2026-09-26T02:13:06.129506065Z [ALERTA] Consumer=c09c05e99dcc | Sensor=sensor-01 | Temperatura=96.62 ┬░C
consumer-2  | 2026-09-26T02:13:30.322097856Z Topico: dados-sensores
consumer-1  | 2026-09-26T02:13:08.146825274Z [CONSUMER c09c05e99dcc] Particao=2 | Offset=5 | Sensor=sensor-01 | Temperatura=77.45 ┬░C | Vibracao=4.27
consumer-1  | 2026-09-26T02:13:10.167370081Z [CONSUMER c09c05e99dcc] Particao=0 | Offset=4 | Sensor=sensor-01 | Temperatura=63.65 ┬░C | Vibracao=1.47
consumer-3  | 2026-09-26T02:13:29.417710959Z   return KafkaConsumer(
consumer-3  | 2026-09-26T02:13:34.453026614Z [CONSUMER 39a24bf4e92c] Particao=2 | Offset=9 | Sensor=sensor-01 | Temperatura=65.68 ┬░C | Vibracao=5.28
consumer-3  | 2026-09-26T02:13:40.529362805Z [CONSUMER 39a24bf4e92c] Particao=2 | Offset=10 | Sensor=sensor-01 | Temperatura=48.49 ┬░C | Vibracao=3.86
consumer-1  | 2026-09-26T02:13:12.187493571Z [CONSUMER c09c05e99dcc] Particao=1 | Offset=3 | Sensor=sensor-01 | Temperatura=43.16 ┬░C | Vibracao=8.48
consumer-3  | 2026-09-26T02:13:42.546317971Z [CONSUMER 39a24bf4e92c] Particao=2 | Offset=11 | Sensor=sensor-01 | Temperatura=55.34 ┬░C | Vibracao=4.61
consumer-3  | 2026-09-26T02:13:56.711778836Z [CONSUMER 39a24bf4e92c] Particao=2 | Offset=12 | Sensor=sensor-01 | Temperatura=73.08 ┬░C | Vibracao=1.54
consumer-1  | 2026-09-26T02:13:14.219843763Z [CONSUMER c09c05e99dcc] Particao=1 | Offset=4 | Sensor=sensor-01 | Temperatura=64.05 ┬░C | Vibracao=6.17
producer-1  | 2026-09-26T02:13:10.167379070Z [PRODUCER sensor-01] Topico=dados-sensores | Particao=0 | Offset=4 | Temperatura=63.65 ┬░C | Vibracao=1.47
producer-1  | 2026-09-26T02:13:12.187737996Z [PRODUCER sensor-01] Topico=dados-sensores | Particao=1 | Offset=3 | Temperatura=43.16 ┬░C | Vibracao=8.48
producer-1  | 2026-09-26T02:13:14.217863976Z [PRODUCER sensor-01] Topico=dados-sensores | Particao=1 | Offset=4 | Temperatura=64.05 ┬░C | Vibracao=6.17
consumer-2  | 2026-09-26T02:13:30.322233857Z Grupo: processadores-sensores
consumer-2  | 2026-09-26T02:13:30.365924664Z /app/consumer.py:59: DeprecationWarning: value_deserializer does not implement kafka.serializer.Deserializer
consumer-3  | 2026-09-26T02:14:06.801337401Z [CONSUMER 39a24bf4e92c] Particao=2 | Offset=13 | Sensor=sensor-01 | Temperatura=94.4 ┬░C | Vibracao=4.88
consumer-1  | 2026-09-26T02:13:16.236506954Z [CONSUMER c09c05e99dcc] Particao=1 | Offset=5 | Sensor=sensor-01 | Temperatura=68.09 ┬░C | Vibracao=2.94
consumer-1  | 2026-09-26T02:13:18.254909071Z [CONSUMER c09c05e99dcc] Particao=1 | Offset=6 | Sensor=sensor-01 | Temperatura=45.92 ┬░C | Vibracao=4.43
consumer-1  | 2026-09-26T02:13:20.273220246Z [CONSUMER c09c05e99dcc] Particao=0 | Offset=5 | Sensor=sensor-01 | Temperatura=66.41 ┬░C | Vibracao=8.05
consumer-3  | 2026-09-26T02:14:06.801462679Z [ALERTA] Consumer=39a24bf4e92c | Sensor=sensor-01 | Temperatura=94.4 ┬░C
consumer-1  | 2026-09-26T02:13:22.291650977Z [CONSUMER c09c05e99dcc] Particao=2 | Offset=6 | Sensor=sensor-01 | Temperatura=41.93 ┬░C | Vibracao=8.25
consumer-3  | 2026-09-26T02:14:10.833701530Z [CONSUMER 39a24bf4e92c] Particao=2 | Offset=14 | Sensor=sensor-01 | Temperatura=66.63 ┬░C | Vibracao=4.85
consumer-1  | 2026-09-26T02:13:24.333114441Z [CONSUMER c09c05e99dcc] Particao=2 | Offset=7 | Sensor=sensor-01 | Temperatura=39.84 ┬░C | Vibracao=1.34
consumer-1  | 2026-09-26T02:13:26.355850104Z [CONSUMER c09c05e99dcc] Particao=1 | Offset=7 | Sensor=sensor-01 | Temperatura=22.61 ┬░C | Vibracao=9.18
consumer-1  | 2026-09-26T02:13:28.392697777Z [CONSUMER c09c05e99dcc] Particao=2 | Offset=8 | Sensor=sensor-01 | Temperatura=43.83 ┬░C | Vibracao=8.68
consumer-1  | 2026-09-26T02:13:30.418506170Z [CONSUMER c09c05e99dcc] Particao=0 | Offset=6 | Sensor=sensor-01 | Temperatura=49.81 ┬░C | Vibracao=8.44
consumer-3  | 2026-09-26T02:14:18.905176662Z [CONSUMER 39a24bf4e92c] Particao=2 | Offset=15 | Sensor=sensor-01 | Temperatura=53.68 ┬░C | Vibracao=2.55
consumer-2  | 2026-09-26T02:13:30.366040193Z   return KafkaConsumer(
consumer-1  | 2026-09-26T02:13:32.435261641Z [CONSUMER c09c05e99dcc] Particao=1 | Offset=8 | Sensor=sensor-01 | Temperatura=91.33 ┬░C | Vibracao=6.92
consumer-1  | 2026-09-26T02:13:32.435354863Z [ALERTA] Consumer=c09c05e99dcc | Sensor=sensor-01 | Temperatura=91.33 ┬░C
producer-1  | 2026-09-26T02:13:16.236091168Z [PRODUCER sensor-01] Topico=dados-sensores | Particao=1 | Offset=5 | Temperatura=68.09 ┬░C | Vibracao=2.94
consumer-1  | 2026-09-26T02:13:44.563899575Z [CONSUMER c09c05e99dcc] Particao=1 | Offset=9 | Sensor=sensor-01 | Temperatura=68.31 ┬░C | Vibracao=5.93
consumer-1  | 2026-09-26T02:13:50.661885059Z [CONSUMER c09c05e99dcc] Particao=1 | Offset=10 | Sensor=sensor-01 | Temperatura=70.51 ┬░C | Vibracao=0.78
consumer-2  | 2026-09-26T02:13:36.496172586Z [CONSUMER a15a28426248] Particao=0 | Offset=7 | Sensor=sensor-01 | Temperatura=45.87 ┬░C | Vibracao=5.47
consumer-2  | 2026-09-26T02:13:38.510848757Z [CONSUMER a15a28426248] Particao=0 | Offset=8 | Sensor=sensor-01 | Temperatura=74.96 ┬░C | Vibracao=3.01
consumer-2  | 2026-09-26T02:13:46.608129833Z [CONSUMER a15a28426248] Particao=0 | Offset=9 | Sensor=sensor-01 | Temperatura=67.26 ┬░C | Vibracao=2.93
consumer-2  | 2026-09-26T02:13:48.638754661Z [CONSUMER a15a28426248] Particao=0 | Offset=10 | Sensor=sensor-01 | Temperatura=39.56 ┬░C | Vibracao=6.69
consumer-2  | 2026-09-26T02:13:58.728624236Z [CONSUMER a15a28426248] Particao=0 | Offset=11 | Sensor=sensor-01 | Temperatura=46.64 ┬░C | Vibracao=8.58
consumer-2  | 2026-09-26T02:14:04.778802641Z [CONSUMER a15a28426248] Particao=0 | Offset=12 | Sensor=sensor-01 | Temperatura=24.7 ┬░C | Vibracao=1.32
consumer-2  | 2026-09-26T02:14:12.852209244Z [CONSUMER a15a28426248] Particao=0 | Offset=13 | Sensor=sensor-01 | Temperatura=20.14 ┬░C | Vibracao=8.21
consumer-2  | 2026-09-26T02:14:14.868587846Z [CONSUMER a15a28426248] Particao=0 | Offset=14 | Sensor=sensor-01 | Temperatura=30.73 ┬░C | Vibracao=1.29
consumer-2  | 2026-09-26T02:14:16.888125662Z [CONSUMER a15a28426248] Particao=0 | Offset=15 | Sensor=sensor-01 | Temperatura=85.75 ┬░C | Vibracao=3.19
consumer-2  | 2026-09-26T02:14:16.888285893Z [ALERTA] Consumer=a15a28426248 | Sensor=sensor-01 | Temperatura=85.75 ┬░C
consumer-1  | 2026-09-26T02:13:52.680739357Z [CONSUMER c09c05e99dcc] Particao=1 | Offset=11 | Sensor=sensor-01 | Temperatura=28.92 ┬░C | Vibracao=4.33
producer-1  | 2026-09-26T02:13:18.254247065Z [PRODUCER sensor-01] Topico=dados-sensores | Particao=1 | Offset=6 | Temperatura=45.92 ┬░C | Vibracao=4.43
consumer-1  | 2026-09-26T02:13:54.697424788Z [CONSUMER c09c05e99dcc] Particao=1 | Offset=12 | Sensor=sensor-01 | Temperatura=22.82 ┬░C | Vibracao=9.1
producer-1  | 2026-09-26T02:13:20.274011607Z [PRODUCER sensor-01] Topico=dados-sensores | Particao=0 | Offset=5 | Temperatura=66.41 ┬░C | Vibracao=8.05
consumer-1  | 2026-09-26T02:14:00.747151289Z [CONSUMER c09c05e99dcc] Particao=1 | Offset=13 | Sensor=sensor-01 | Temperatura=54.13 ┬░C | Vibracao=9.98
consumer-1  | 2026-09-26T02:14:02.762142316Z [CONSUMER c09c05e99dcc] Particao=1 | Offset=14 | Sensor=sensor-01 | Temperatura=75.23 ┬░C | Vibracao=6.29
consumer-1  | 2026-09-26T02:14:08.818107704Z [CONSUMER c09c05e99dcc] Particao=1 | Offset=15 | Sensor=sensor-01 | Temperatura=43.03 ┬░C | Vibracao=0.94
consumer-1  | 2026-09-26T02:14:20.924064687Z [CONSUMER c09c05e99dcc] Particao=1 | Offset=16 | Sensor=sensor-01 | Temperatura=36.43 ┬░C | Vibracao=2.98
consumer-1  | 2026-09-26T02:14:22.943263779Z [CONSUMER c09c05e99dcc] Particao=1 | Offset=17 | Sensor=sensor-01 | Temperatura=86.07 ┬░C | Vibracao=8.23
consumer-1  | 2026-09-26T02:14:22.943370139Z [ALERTA] Consumer=c09c05e99dcc | Sensor=sensor-01 | Temperatura=86.07 ┬░C
producer-1  | 2026-09-26T02:13:22.291587843Z [PRODUCER sensor-01] Topico=dados-sensores | Particao=2 | Offset=6 | Temperatura=41.93 ┬░C | Vibracao=8.25
producer-1  | 2026-09-26T02:13:24.325951290Z [PRODUCER sensor-01] Topico=dados-sensores | Particao=2 | Offset=7 | Temperatura=39.84 ┬░C | Vibracao=1.34
producer-1  | 2026-09-26T02:13:26.355038376Z [PRODUCER sensor-01] Topico=dados-sensores | Particao=1 | Offset=7 | Temperatura=22.61 ┬░C | Vibracao=9.18
producer-1  | 2026-09-26T02:13:28.393856216Z [PRODUCER sensor-01] Topico=dados-sensores | Particao=2 | Offset=8 | Temperatura=43.83 ┬░C | Vibracao=8.68
producer-1  | 2026-09-26T02:13:30.418915148Z [PRODUCER sensor-01] Topico=dados-sensores | Particao=0 | Offset=6 | Temperatura=49.81 ┬░C | Vibracao=8.44
producer-1  | 2026-09-26T02:13:32.435309993Z [PRODUCER sensor-01] Topico=dados-sensores | Particao=1 | Offset=8 | Temperatura=91.33 ┬░C | Vibracao=6.92
producer-1  | 2026-09-26T02:13:34.453009780Z [PRODUCER sensor-01] Topico=dados-sensores | Particao=2 | Offset=9 | Temperatura=65.68 ┬░C | Vibracao=5.28
producer-1  | 2026-09-26T02:13:36.487014634Z [PRODUCER sensor-01] Topico=dados-sensores | Particao=0 | Offset=7 | Temperatura=45.87 ┬░C | Vibracao=5.47
producer-1  | 2026-09-26T02:13:38.510848763Z [PRODUCER sensor-01] Topico=dados-sensores | Particao=0 | Offset=8 | Temperatura=74.96 ┬░C | Vibracao=3.01
producer-1  | 2026-09-26T02:13:40.528809592Z [PRODUCER sensor-01] Topico=dados-sensores | Particao=2 | Offset=10 | Temperatura=48.49 ┬░C | Vibracao=3.86
producer-1  | 2026-09-26T02:13:42.546352784Z [PRODUCER sensor-01] Topico=dados-sensores | Particao=2 | Offset=11 | Temperatura=55.34 ┬░C | Vibracao=4.61
producer-1  | 2026-09-26T02:13:44.564717406Z [PRODUCER sensor-01] Topico=dados-sensores | Particao=1 | Offset=9 | Temperatura=68.31 ┬░C | Vibracao=5.93
producer-1  | 2026-09-26T02:13:46.610368459Z [PRODUCER sensor-01] Topico=dados-sensores | Particao=0 | Offset=9 | Temperatura=67.26 ┬░C | Vibracao=2.93
producer-1  | 2026-09-26T02:13:48.641942964Z [PRODUCER sensor-01] Topico=dados-sensores | Particao=0 | Offset=10 | Temperatura=39.56 ┬░C | Vibracao=6.69
producer-1  | 2026-09-26T02:13:50.661176889Z [PRODUCER sensor-01] Topico=dados-sensores | Particao=1 | Offset=10 | Temperatura=70.51 ┬░C | Vibracao=0.78
producer-1  | 2026-09-26T02:13:52.680779631Z [PRODUCER sensor-01] Topico=dados-sensores | Particao=1 | Offset=11 | Temperatura=28.92 ┬░C | Vibracao=4.33
producer-1  | 2026-09-26T02:13:54.697991514Z [PRODUCER sensor-01] Topico=dados-sensores | Particao=1 | Offset=12 | Temperatura=22.82 ┬░C | Vibracao=9.1
producer-1  | 2026-09-26T02:13:56.711931465Z [PRODUCER sensor-01] Topico=dados-sensores | Particao=2 | Offset=12 | Temperatura=73.08 ┬░C | Vibracao=1.54
producer-1  | 2026-09-26T02:13:58.728454837Z [PRODUCER sensor-01] Topico=dados-sensores | Particao=0 | Offset=11 | Temperatura=46.64 ┬░C | Vibracao=8.58
producer-1  | 2026-09-26T02:14:00.747173661Z [PRODUCER sensor-01] Topico=dados-sensores | Particao=1 | Offset=13 | Temperatura=54.13 ┬░C | Vibracao=9.98
producer-1  | 2026-09-26T02:14:02.762283911Z [PRODUCER sensor-01] Topico=dados-sensores | Particao=1 | Offset=14 | Temperatura=75.23 ┬░C | Vibracao=6.29
producer-1  | 2026-09-26T02:14:04.778984422Z [PRODUCER sensor-01] Topico=dados-sensores | Particao=0 | Offset=12 | Temperatura=24.7 ┬░C | Vibracao=1.32
producer-1  | 2026-09-26T02:14:06.802436716Z [PRODUCER sensor-01] Topico=dados-sensores | Particao=2 | Offset=13 | Temperatura=94.4 ┬░C | Vibracao=4.88
producer-1  | 2026-09-26T02:14:08.818712396Z [PRODUCER sensor-01] Topico=dados-sensores | Particao=1 | Offset=15 | Temperatura=43.03 ┬░C | Vibracao=0.94
producer-1  | 2026-09-26T02:14:10.834253754Z [PRODUCER sensor-01] Topico=dados-sensores | Particao=2 | Offset=14 | Temperatura=66.63 ┬░C | Vibracao=4.85
producer-1  | 2026-09-26T02:14:12.854241639Z [PRODUCER sensor-01] Topico=dados-sensores | Particao=0 | Offset=13 | Temperatura=20.14 ┬░C | Vibracao=8.21
producer-1  | 2026-09-26T02:14:14.868427926Z [PRODUCER sensor-01] Topico=dados-sensores | Particao=0 | Offset=14 | Temperatura=30.73 ┬░C | Vibracao=1.29
producer-1  | 2026-09-26T02:14:16.888817490Z [PRODUCER sensor-01] Topico=dados-sensores | Particao=0 | Offset=15 | Temperatura=85.75 ┬░C | Vibracao=3.19
producer-1  | 2026-09-26T02:14:18.906012248Z [PRODUCER sensor-01] Topico=dados-sensores | Particao=2 | Offset=15 | Temperatura=53.68 ┬░C | Vibracao=2.55
producer-1  | 2026-09-26T02:14:20.925766595Z [PRODUCER sensor-01] Topico=dados-sensores | Particao=1 | Offset=16 | Temperatura=36.43 ┬░C | Vibracao=2.98
producer-1  | 2026-09-26T02:14:22.943403994Z [PRODUCER sensor-01] Topico=dados-sensores | Particao=1 | Offset=17 | Temperatura=86.07 ┬░C | Vibracao=8.23
