consumer-3  | 2026-09-26T02:18:52.670776924Z Consumer iniciado: 5f9b20681d64
consumer-3  | 2026-09-26T02:18:52.671377508Z Topico: dados-sensores
consumer-3  | 2026-09-26T02:18:52.671401297Z Grupo: processadores-sensores
consumer-1  | 2026-09-26T02:17:18.564456077Z [CONSUMER c09c05e99dcc] Particao=2 | Offset=42 | Sensor=sensor-01 | Temperatura=64.22 ┬░C | Vibracao=3.17
consumer-3  | 2026-09-26T02:18:52.716968316Z /app/consumer.py:59: DeprecationWarning: value_deserializer does not implement kafka.serializer.Deserializer
consumer-1  | 2026-09-26T02:17:26.643744916Z [CONSUMER c09c05e99dcc] Particao=2 | Offset=43 | Sensor=sensor-01 | Temperatura=48.33 ┬░C | Vibracao=4.32
consumer-1  | 2026-09-26T02:17:28.664362496Z [CONSUMER c09c05e99dcc] Particao=2 | Offset=44 | Sensor=sensor-01 | Temperatura=82.18 ┬░C | Vibracao=2.29
consumer-1  | 2026-09-26T02:17:28.664539628Z [ALERTA] Consumer=c09c05e99dcc | Sensor=sensor-01 | Temperatura=82.18 ┬░C
consumer-1  | 2026-09-26T02:17:42.821664306Z [CONSUMER c09c05e99dcc] Particao=2 | Offset=45 | Sensor=sensor-01 | Temperatura=35.12 ┬░C | Vibracao=2.28
consumer-1  | 2026-09-26T02:17:50.904103129Z [CONSUMER c09c05e99dcc] Particao=2 | Offset=46 | Sensor=sensor-01 | Temperatura=56.19 ┬░C | Vibracao=7.53
consumer-3  | 2026-09-26T02:18:52.717069907Z   return KafkaConsumer(
consumer-1  | 2026-09-26T02:17:58.971047386Z [CONSUMER c09c05e99dcc] Particao=2 | Offset=47 | Sensor=sensor-01 | Temperatura=77.81 ┬░C | Vibracao=8.98
consumer-1  | 2026-09-26T02:18:07.046260787Z [CONSUMER c09c05e99dcc] Particao=2 | Offset=48 | Sensor=sensor-01 | Temperatura=50.74 ┬░C | Vibracao=0.04
consumer-3  | 2026-09-26T02:18:59.517626071Z [CONSUMER 5f9b20681d64] Particao=0 | Offset=60 | Sensor=sensor-01 | Temperatura=29.95 ┬░C | Vibracao=1.06
consumer-3  | 2026-09-26T02:19:01.544185802Z [CONSUMER 5f9b20681d64] Particao=0 | Offset=61 | Sensor=sensor-01 | Temperatura=81.14 ┬░C | Vibracao=9.97
consumer-3  | 2026-09-26T02:19:01.544277270Z [ALERTA] Consumer=5f9b20681d64 | Sensor=sensor-01 | Temperatura=81.14 ┬░C
consumer-3  | 2026-09-26T02:19:09.600822501Z [CONSUMER 5f9b20681d64] Particao=0 | Offset=62 | Sensor=sensor-01 | Temperatura=66.43 ┬░C | Vibracao=3.66
consumer-1  | 2026-09-26T02:18:19.150353472Z [CONSUMER c09c05e99dcc] Particao=2 | Offset=49 | Sensor=sensor-01 | Temperatura=59.15 ┬░C | Vibracao=2.66
consumer-3  | 2026-09-26T02:19:11.616547519Z [CONSUMER 5f9b20681d64] Particao=0 | Offset=63 | Sensor=sensor-01 | Temperatura=45.93 ┬░C | Vibracao=5.49
consumer-3  | 2026-09-26T02:19:15.647521978Z [CONSUMER 5f9b20681d64] Particao=0 | Offset=64 | Sensor=sensor-01 | Temperatura=85.69 ┬░C | Vibracao=1.54
consumer-3  | 2026-09-26T02:19:15.647594938Z [ALERTA] Consumer=5f9b20681d64 | Sensor=sensor-01 | Temperatura=85.69 ┬░C
consumer-3  | 2026-09-26T02:19:17.677331346Z [CONSUMER 5f9b20681d64] Particao=0 | Offset=65 | Sensor=sensor-01 | Temperatura=95.28 ┬░C | Vibracao=6.0
consumer-2  | 2026-09-26T02:18:53.182083033Z Consumer iniciado: 1370f50db161
consumer-3  | 2026-09-26T02:19:17.677417854Z [ALERTA] Consumer=5f9b20681d64 | Sensor=sensor-01 | Temperatura=95.28 ┬░C
consumer-3  | 2026-09-26T02:19:33.804567420Z [CONSUMER 5f9b20681d64] Particao=0 | Offset=66 | Sensor=sensor-01 | Temperatura=89.72 ┬░C | Vibracao=1.84
consumer-3  | 2026-09-26T02:19:33.804652732Z [ALERTA] Consumer=5f9b20681d64 | Sensor=sensor-01 | Temperatura=89.72 ┬░C
consumer-2  | 2026-09-26T02:18:53.182236511Z Topico: dados-sensores
consumer-3  | 2026-09-26T02:19:35.843979419Z [CONSUMER 5f9b20681d64] Particao=0 | Offset=67 | Sensor=sensor-01 | Temperatura=76.93 ┬░C | Vibracao=4.54
consumer-2  | 2026-09-26T02:18:53.182248886Z Grupo: processadores-sensores
consumer-2  | 2026-09-26T02:18:53.219309154Z /app/consumer.py:59: DeprecationWarning: value_deserializer does not implement kafka.serializer.Deserializer
consumer-1  | 2026-09-26T02:18:25.199987802Z [CONSUMER c09c05e99dcc] Particao=2 | Offset=50 | Sensor=sensor-01 | Temperatura=53.9 ┬░C | Vibracao=2.14
consumer-1  | 2026-09-26T02:18:35.468577028Z [CONSUMER c09c05e99dcc] Particao=1 | Offset=60 | Sensor=sensor-01 | Temperatura=40.16 ┬░C | Vibracao=8.5
consumer-1  | 2026-09-26T02:18:35.470551528Z [CONSUMER c09c05e99dcc] Particao=1 | Offset=61 | Sensor=sensor-01 | Temperatura=92.51 ┬░C | Vibracao=1.29
consumer-1  | 2026-09-26T02:18:35.470662296Z [ALERTA] Consumer=c09c05e99dcc | Sensor=sensor-01 | Temperatura=92.51 ┬░C
consumer-2  | 2026-09-26T02:18:53.219387937Z   return KafkaConsumer(
consumer-2  | 2026-09-26T02:18:53.561211056Z [CONSUMER 1370f50db161] Particao=2 | Offset=52 | Sensor=sensor-01 | Temperatura=73.05 ┬░C | Vibracao=6.49
consumer-1  | 2026-09-26T02:18:35.470747138Z [CONSUMER c09c05e99dcc] Particao=1 | Offset=62 | Sensor=sensor-01 | Temperatura=52.67 ┬░C | Vibracao=6.82
consumer-2  | 2026-09-26T02:18:55.493039573Z [CONSUMER 1370f50db161] Particao=2 | Offset=53 | Sensor=sensor-01 | Temperatura=92.74 ┬░C | Vibracao=4.31
consumer-1  | 2026-09-26T02:18:35.470792762Z [CONSUMER c09c05e99dcc] Particao=1 | Offset=63 | Sensor=sensor-01 | Temperatura=54.91 ┬░C | Vibracao=5.99
consumer-2  | 2026-09-26T02:18:55.493179561Z [ALERTA] Consumer=1370f50db161 | Sensor=sensor-01 | Temperatura=92.74 ┬░C
consumer-1  | 2026-09-26T02:18:35.470981930Z [CONSUMER c09c05e99dcc] Particao=1 | Offset=64 | Sensor=sensor-01 | Temperatura=38.52 ┬░C | Vibracao=4.77
consumer-1  | 2026-09-26T02:18:35.471008104Z [CONSUMER c09c05e99dcc] Particao=1 | Offset=65 | Sensor=sensor-01 | Temperatura=50.58 ┬░C | Vibracao=5.37
consumer-2  | 2026-09-26T02:19:03.556039186Z [CONSUMER 1370f50db161] Particao=2 | Offset=54 | Sensor=sensor-01 | Temperatura=69.97 ┬░C | Vibracao=5.96
consumer-2  | 2026-09-26T02:19:05.571280640Z [CONSUMER 1370f50db161] Particao=2 | Offset=55 | Sensor=sensor-01 | Temperatura=81.18 ┬░C | Vibracao=1.15
consumer-2  | 2026-09-26T02:19:05.571385978Z [ALERTA] Consumer=1370f50db161 | Sensor=sensor-01 | Temperatura=81.18 ┬░C
consumer-1  | 2026-09-26T02:18:35.486269136Z [CONSUMER c09c05e99dcc] Particao=0 | Offset=45 | Sensor=sensor-01 | Temperatura=91.63 ┬░C | Vibracao=6.28
consumer-1  | 2026-09-26T02:18:35.486342807Z [ALERTA] Consumer=c09c05e99dcc | Sensor=sensor-01 | Temperatura=91.63 ┬░C
consumer-2  | 2026-09-26T02:19:13.633666005Z [CONSUMER 1370f50db161] Particao=2 | Offset=56 | Sensor=sensor-01 | Temperatura=67.84 ┬░C | Vibracao=9.4
consumer-2  | 2026-09-26T02:19:21.710283279Z [CONSUMER 1370f50db161] Particao=2 | Offset=57 | Sensor=sensor-01 | Temperatura=49.53 ┬░C | Vibracao=3.96
consumer-2  | 2026-09-26T02:19:31.781939665Z [CONSUMER 1370f50db161] Particao=2 | Offset=58 | Sensor=sensor-01 | Temperatura=64.77 ┬░C | Vibracao=8.01
consumer-1  | 2026-09-26T02:18:35.486350944Z [CONSUMER c09c05e99dcc] Particao=0 | Offset=46 | Sensor=sensor-01 | Temperatura=22.15 ┬░C | Vibracao=3.46
consumer-1  | 2026-09-26T02:18:35.486358450Z [CONSUMER c09c05e99dcc] Particao=0 | Offset=47 | Sensor=sensor-01 | Temperatura=95.37 ┬░C | Vibracao=9.81
consumer-1  | 2026-09-26T02:18:35.486365724Z [ALERTA] Consumer=c09c05e99dcc | Sensor=sensor-01 | Temperatura=95.37 ┬░C
consumer-2  | 2026-09-26T02:19:37.875982112Z [CONSUMER 1370f50db161] Particao=2 | Offset=59 | Sensor=sensor-01 | Temperatura=64.86 ┬░C | Vibracao=3.76
consumer-2  | 2026-09-26T02:19:41.903130779Z [CONSUMER 1370f50db161] Particao=2 | Offset=60 | Sensor=sensor-01 | Temperatura=72.69 ┬░C | Vibracao=1.57
consumer-1  | 2026-09-26T02:18:35.486372869Z [CONSUMER c09c05e99dcc] Particao=0 | Offset=48 | Sensor=sensor-01 | Temperatura=74.85 ┬░C | Vibracao=5.62
consumer-1  | 2026-09-26T02:18:35.486379974Z [CONSUMER c09c05e99dcc] Particao=0 | Offset=49 | Sensor=sensor-01 | Temperatura=68.72 ┬░C | Vibracao=0.67
consumer-2  | 2026-09-26T02:19:47.949224030Z [CONSUMER 1370f50db161] Particao=2 | Offset=61 | Sensor=sensor-01 | Temperatura=68.99 ┬░C | Vibracao=2.61
consumer-1  | 2026-09-26T02:18:35.486386948Z [CONSUMER c09c05e99dcc] Particao=0 | Offset=50 | Sensor=sensor-01 | Temperatura=67.65 ┬░C | Vibracao=2.41
consumer-1  | 2026-09-26T02:18:35.486393963Z [CONSUMER c09c05e99dcc] Particao=0 | Offset=51 | Sensor=sensor-01 | Temperatura=84.96 ┬░C | Vibracao=3.49
consumer-1  | 2026-09-26T02:18:35.486400797Z [ALERTA] Consumer=c09c05e99dcc | Sensor=sensor-01 | Temperatura=84.96 ┬░C
consumer-1  | 2026-09-26T02:18:35.486407540Z [CONSUMER c09c05e99dcc] Particao=0 | Offset=52 | Sensor=sensor-01 | Temperatura=35.92 ┬░C | Vibracao=2.12
consumer-1  | 2026-09-26T02:18:35.486573672Z [CONSUMER c09c05e99dcc] Particao=0 | Offset=53 | Sensor=sensor-01 | Temperatura=94.0 ┬░C | Vibracao=5.54
consumer-1  | 2026-09-26T02:18:35.486579263Z [ALERTA] Consumer=c09c05e99dcc | Sensor=sensor-01 | Temperatura=94.0 ┬░C
consumer-1  | 2026-09-26T02:18:35.486584755Z [CONSUMER c09c05e99dcc] Particao=0 | Offset=54 | Sensor=sensor-01 | Temperatura=59.49 ┬░C | Vibracao=6.52
consumer-1  | 2026-09-26T02:18:35.486589124Z [CONSUMER c09c05e99dcc] Particao=0 | Offset=55 | Sensor=sensor-01 | Temperatura=93.69 ┬░C | Vibracao=6.17
consumer-1  | 2026-09-26T02:18:35.486593443Z [ALERTA] Consumer=c09c05e99dcc | Sensor=sensor-01 | Temperatura=93.69 ┬░C
consumer-1  | 2026-09-26T02:18:35.486597711Z [CONSUMER c09c05e99dcc] Particao=0 | Offset=56 | Sensor=sensor-01 | Temperatura=40.66 ┬░C | Vibracao=0.83
consumer-1  | 2026-09-26T02:18:35.486602211Z [CONSUMER c09c05e99dcc] Particao=0 | Offset=57 | Sensor=sensor-01 | Temperatura=71.26 ┬░C | Vibracao=6.81
consumer-1  | 2026-09-26T02:18:37.308565069Z [CONSUMER c09c05e99dcc] Particao=1 | Offset=66 | Sensor=sensor-01 | Temperatura=67.51 ┬░C | Vibracao=5.69
consumer-1  | 2026-09-26T02:18:39.325509899Z [CONSUMER c09c05e99dcc] Particao=1 | Offset=67 | Sensor=sensor-01 | Temperatura=84.7 ┬░C | Vibracao=0.93
consumer-1  | 2026-09-26T02:18:39.325618814Z [ALERTA] Consumer=c09c05e99dcc | Sensor=sensor-01 | Temperatura=84.7 ┬░C
consumer-1  | 2026-09-26T02:18:41.343921227Z [CONSUMER c09c05e99dcc] Particao=1 | Offset=68 | Sensor=sensor-01 | Temperatura=69.22 ┬░C | Vibracao=2.81
consumer-1  | 2026-09-26T02:18:43.361925945Z [CONSUMER c09c05e99dcc] Particao=2 | Offset=51 | Sensor=sensor-01 | Temperatura=90.6 ┬░C | Vibracao=7.88
consumer-1  | 2026-09-26T02:18:43.362031493Z [ALERTA] Consumer=c09c05e99dcc | Sensor=sensor-01 | Temperatura=90.6 ┬░C
consumer-1  | 2026-09-26T02:18:45.381079106Z [CONSUMER c09c05e99dcc] Particao=0 | Offset=58 | Sensor=sensor-01 | Temperatura=38.7 ┬░C | Vibracao=4.22
consumer-1  | 2026-09-26T02:18:47.410585060Z [CONSUMER c09c05e99dcc] Particao=1 | Offset=69 | Sensor=sensor-01 | Temperatura=47.68 ┬░C | Vibracao=8.57
consumer-1  | 2026-09-26T02:18:49.431249512Z [CONSUMER c09c05e99dcc] Particao=1 | Offset=70 | Sensor=sensor-01 | Temperatura=97.53 ┬░C | Vibracao=8.33
consumer-1  | 2026-09-26T02:18:49.431393901Z [ALERTA] Consumer=c09c05e99dcc | Sensor=sensor-01 | Temperatura=97.53 ┬░C
consumer-1  | 2026-09-26T02:18:51.464633492Z [CONSUMER c09c05e99dcc] Particao=0 | Offset=59 | Sensor=sensor-01 | Temperatura=84.72 ┬░C | Vibracao=1.53
consumer-1  | 2026-09-26T02:18:51.464765405Z [ALERTA] Consumer=c09c05e99dcc | Sensor=sensor-01 | Temperatura=84.72 ┬░C
consumer-1  | 2026-09-26T02:18:57.501639026Z [CONSUMER c09c05e99dcc] Particao=1 | Offset=71 | Sensor=sensor-01 | Temperatura=50.2 ┬░C | Vibracao=8.94
consumer-1  | 2026-09-26T02:19:07.583801009Z [CONSUMER c09c05e99dcc] Particao=1 | Offset=72 | Sensor=sensor-01 | Temperatura=97.45 ┬░C | Vibracao=4.73
consumer-1  | 2026-09-26T02:19:07.583867316Z [ALERTA] Consumer=c09c05e99dcc | Sensor=sensor-01 | Temperatura=97.45 ┬░C
consumer-1  | 2026-09-26T02:19:19.695017825Z [CONSUMER c09c05e99dcc] Particao=1 | Offset=73 | Sensor=sensor-01 | Temperatura=68.27 ┬░C | Vibracao=7.3
consumer-1  | 2026-09-26T02:19:23.722884899Z [CONSUMER c09c05e99dcc] Particao=1 | Offset=74 | Sensor=sensor-01 | Temperatura=69.82 ┬░C | Vibracao=0.36
consumer-1  | 2026-09-26T02:19:25.738747947Z [CONSUMER c09c05e99dcc] Particao=1 | Offset=75 | Sensor=sensor-01 | Temperatura=93.74 ┬░C | Vibracao=7.67
consumer-1  | 2026-09-26T02:19:25.738827250Z [ALERTA] Consumer=c09c05e99dcc | Sensor=sensor-01 | Temperatura=93.74 ┬░C
consumer-1  | 2026-09-26T02:19:27.747480069Z [CONSUMER c09c05e99dcc] Particao=1 | Offset=76 | Sensor=sensor-01 | Temperatura=66.65 ┬░C | Vibracao=5.88
consumer-1  | 2026-09-26T02:19:29.766862018Z [CONSUMER c09c05e99dcc] Particao=1 | Offset=77 | Sensor=sensor-01 | Temperatura=61.41 ┬░C | Vibracao=6.25
consumer-1  | 2026-09-26T02:19:39.885984008Z [CONSUMER c09c05e99dcc] Particao=1 | Offset=78 | Sensor=sensor-01 | Temperatura=56.8 ┬░C | Vibracao=1.84
consumer-1  | 2026-09-26T02:19:43.917858584Z [CONSUMER c09c05e99dcc] Particao=1 | Offset=79 | Sensor=sensor-01 | Temperatura=56.16 ┬░C | Vibracao=3.74
consumer-1  | 2026-09-26T02:19:45.933823156Z [CONSUMER c09c05e99dcc] Particao=1 | Offset=80 | Sensor=sensor-01 | Temperatura=41.5 ┬░C | Vibracao=7.43
