producer-3-1  | 2026-09-26T00:27:30.386867307Z /app/producer.py:72: DeprecationWarning: value_serializer does not implement kafka.serializer.Serializer
kafka2        | 2026-09-26T00:27:40.443256854Z [2026-09-26 00:27:40,441] INFO [ReplicaFetcherManager on broker 2] Removed fetcher for partitions Set(__consumer_offsets-15, __consumer_offsets-46, __consumer_offsets-44, __consumer_offsets-12, __consumer_offsets-41, __consumer_offsets-10, __consumer_offsets-24, __consumer_offsets-21, __consumer_offsets-18, __consumer_offsets-30, __consumer_offsets-27, __consumer_offsets-8, __consumer_offsets-38, __consumer_offsets-4, dados-sensores-0, __consumer_offsets-34, __consumer_offsets-2) (kafka.server.ReplicaFetcherManager)
kafka2        | 2026-09-26T00:27:40.465733799Z [2026-09-26 00:27:40,463] INFO [ReplicaFetcherThread-0-1]: Starting (kafka.server.ReplicaFetcherThread)
kafka2        | 2026-09-26T00:27:40.471982106Z [2026-09-26 00:27:40,468] INFO [ReplicaFetcher replicaId=2, leaderId=1, fetcherId=0] Truncating partition __consumer_offsets-15 with TruncationState(offset=0, completed=true) due to local high watermark 0 (kafka.server.ReplicaFetcherThread)
kafka2        | 2026-09-26T00:27:40.472089024Z [2026-09-26 00:27:40,468] INFO [ReplicaFetcherManager on broker 2] Added fetcher to broker 1 for partitions HashMap(__consumer_offsets-15 -> InitialFetchState(Some(ZGFhrgkeSDKE-O_FaP3hAA),BrokerEndPoint[id=1, host=kafka1, port=19092],2,0), __consumer_offsets-46 -> InitialFetchState(Some(ZGFhrgkeSDKE-O_FaP3hAA),BrokerEndPoint[id=1, host=kafka1, port=19092],2,0), __consumer_offsets-44 -> InitialFetchState(Some(ZGFhrgkeSDKE-O_FaP3hAA),BrokerEndPoint[id=1, host=kafka1, port=19092],2,0), __consumer_offsets-12 -> InitialFetchState(Some(ZGFhrgkeSDKE-O_FaP3hAA),BrokerEndPoint[id=1, host=kafka1, port=19092],2,0), __consumer_offsets-41 -> InitialFetchState(Some(ZGFhrgkeSDKE-O_FaP3hAA),BrokerEndPoint[id=1, host=kafka1, port=19092],2,0), __consumer_offsets-10 -> InitialFetchState(Some(ZGFhrgkeSDKE-O_FaP3hAA),BrokerEndPoint[id=1, host=kafka1, port=19092],2,0), __consumer_offsets-24 -> InitialFetchState(Some(ZGFhrgkeSDKE-O_FaP3hAA),BrokerEndPoint[id=1, host=kafka1, port=19092],2,0), __consumer_offsets-21 -> InitialFetchState(Some(ZGFhrgkeSDKE-O_FaP3hAA),BrokerEndPoint[id=1, host=kafka1, port=19092],2,0), __consumer_offsets-18 -> InitialFetchState(Some(ZGFhrgkeSDKE-O_FaP3hAA),BrokerEndPoint[id=1, host=kafka1, port=19092],2,0), __consumer_offsets-30 -> InitialFetchState(Some(ZGFhrgkeSDKE-O_FaP3hAA),BrokerEndPoint[id=1, host=kafka1, port=19092],2,0), __consumer_offsets-27 -> InitialFetchState(Some(ZGFhrgkeSDKE-O_FaP3hAA),BrokerEndPoint[id=1, host=kafka1, port=19092],2,0), __consumer_offsets-8 -> InitialFetchState(Some(ZGFhrgkeSDKE-O_FaP3hAA),BrokerEndPoint[id=1, host=kafka1, port=19092],2,0), __consumer_offsets-38 -> InitialFetchState(Some(ZGFhrgkeSDKE-O_FaP3hAA),BrokerEndPoint[id=1, host=kafka1, port=19092],2,0), __consumer_offsets-4 -> InitialFetchState(Some(ZGFhrgkeSDKE-O_FaP3hAA),BrokerEndPoint[id=1, host=kafka1, port=19092],2,0), dados-sensores-0 -> InitialFetchState(Some(kSEfEO15SLGhnZ_ydx6XRQ),BrokerEndPoint[id=1, host=kafka1, port=19092],2,41), __consumer_offsets-34 -> InitialFetchState(Some(ZGFhrgkeSDKE-O_FaP3hAA),BrokerEndPoint[id=1, host=kafka1, port=19092],2,0), __consumer_offsets-2 -> InitialFetchState(Some(ZGFhrgkeSDKE-O_FaP3hAA),BrokerEndPoint[id=1, host=kafka1, port=19092],2,0)) (kafka.server.ReplicaFetcherManager)
kafka2        | 2026-09-26T00:27:40.472169289Z [2026-09-26 00:27:40,469] INFO [UnifiedLog partition=__consumer_offsets-15, dir=/tmp/kafka-logs] Truncating to 0 has no effect as the largest offset in the log is -1 (org.apache.kafka.storage.internals.log.UnifiedLog)
kafka2        | 2026-09-26T00:27:40.472177416Z [2026-09-26 00:27:40,470] INFO [ReplicaFetcher replicaId=2, leaderId=1, fetcherId=0] Truncating partition __consumer_offsets-12 with TruncationState(offset=0, completed=true) due to local high watermark 0 (kafka.server.ReplicaFetcherThread)
kafka2        | 2026-09-26T00:27:40.472183688Z [2026-09-26 00:27:40,471] INFO [UnifiedLog partition=__consumer_offsets-12, dir=/tmp/kafka-logs] Truncating to 0 has no effect as the largest offset in the log is -1 (org.apache.kafka.storage.internals.log.UnifiedLog)
kafka2        | 2026-09-26T00:27:40.472766863Z [2026-09-26 00:27:40,472] INFO [ReplicaFetcher replicaId=2, leaderId=1, fetcherId=0] Truncating partition __consumer_offsets-8 with TruncationState(offset=0, completed=true) due to local high watermark 0 (kafka.server.ReplicaFetcherThread)
kafka2        | 2026-09-26T00:27:40.474087142Z [2026-09-26 00:27:40,473] INFO [UnifiedLog partition=__consumer_offsets-8, dir=/tmp/kafka-logs] Truncating to 0 has no effect as the largest offset in the log is -1 (org.apache.kafka.storage.internals.log.UnifiedLog)
kafka2        | 2026-09-26T00:27:40.479069518Z [2026-09-26 00:27:40,474] INFO [ReplicaFetcher replicaId=2, leaderId=1, fetcherId=0] Truncating partition __consumer_offsets-21 with TruncationState(offset=0, completed=true) due to local high watermark 0 (kafka.server.ReplicaFetcherThread)
kafka2        | 2026-09-26T00:27:40.479139461Z [2026-09-26 00:27:40,475] INFO [UnifiedLog partition=__consumer_offsets-21, dir=/tmp/kafka-logs] Truncating to 0 has no effect as the largest offset in the log is -1 (org.apache.kafka.storage.internals.log.UnifiedLog)
kafka2        | 2026-09-26T00:27:40.479146927Z [2026-09-26 00:27:40,476] INFO [ReplicaFetcher replicaId=2, leaderId=1, fetcherId=0] Truncating partition __consumer_offsets-18 with TruncationState(offset=0, completed=true) due to local high watermark 0 (kafka.server.ReplicaFetcherThread)
kafka2        | 2026-09-26T00:27:40.479154602Z [2026-09-26 00:27:40,476] INFO [UnifiedLog partition=__consumer_offsets-18, dir=/tmp/kafka-logs] Truncating to 0 has no effect as the largest offset in the log is -1 (org.apache.kafka.storage.internals.log.UnifiedLog)
kafka2        | 2026-09-26T00:27:40.562721543Z [2026-09-26 00:27:40,562] INFO [GroupCoordinator id=2] Scheduling unloading of metadata for __consumer_offsets-15 with epoch OptionalInt[2] (org.apache.kafka.coordinator.common.runtime.CoordinatorRuntime)
kafka2        | 2026-09-26T00:27:40.564700476Z [2026-09-26 00:27:40,563] INFO [GroupCoordinator id=2] Scheduling unloading of metadata for __consumer_offsets-46 with epoch OptionalInt[2] (org.apache.kafka.coordinator.common.runtime.CoordinatorRuntime)
kafka2        | 2026-09-26T00:27:40.570652798Z [2026-09-26 00:27:40,568] INFO [GroupCoordinator id=2] Scheduling unloading of metadata for __consumer_offsets-44 with epoch OptionalInt[2] (org.apache.kafka.coordinator.common.runtime.CoordinatorRuntime)
kafka2        | 2026-09-26T00:27:40.573159321Z [2026-09-26 00:27:40,567] INFO [GroupCoordinator id=2] Ignored unloading metadata for __consumer_offsets-15 in epoch OptionalInt[2] since metadata was never loaded. (org.apache.kafka.coordinator.common.runtime.CoordinatorRuntime)
kafka2        | 2026-09-26T00:27:40.573212019Z [2026-09-26 00:27:40,569] INFO [GroupCoordinator id=2] Started unloading metadata for __consumer_offsets-46 with epoch OptionalInt[2]. (org.apache.kafka.coordinator.common.runtime.CoordinatorRuntime)
kafka2        | 2026-09-26T00:27:40.580303232Z [2026-09-26 00:27:40,579] INFO [GroupCoordinator id=2] Started unloading metadata for __consumer_offsets-44 with epoch OptionalInt[2]. (org.apache.kafka.coordinator.common.runtime.CoordinatorRuntime)
kafka2        | 2026-09-26T00:27:40.581084321Z [2026-09-26 00:27:40,574] INFO [GroupCoordinator id=2] Finished unloading metadata for __consumer_offsets-46 with epoch OptionalInt[2]. (org.apache.kafka.coordinator.common.runtime.CoordinatorRuntime)
kafka2        | 2026-09-26T00:27:40.581221673Z [2026-09-26 00:27:40,579] INFO [GroupCoordinator id=2] Scheduling unloading of metadata for __consumer_offsets-12 with epoch OptionalInt[2] (org.apache.kafka.coordinator.common.runtime.CoordinatorRuntime)
kafka2        | 2026-09-26T00:27:40.581605171Z [2026-09-26 00:27:40,581] INFO [GroupCoordinator id=2] Scheduling unloading of metadata for __consumer_offsets-41 with epoch OptionalInt[2] (org.apache.kafka.coordinator.common.runtime.CoordinatorRuntime)
kafka2        | 2026-09-26T00:27:40.582984586Z [2026-09-26 00:27:40,582] INFO [GroupCoordinator id=2] Scheduling unloading of metadata for __consumer_offsets-10 with epoch OptionalInt[2] (org.apache.kafka.coordinator.common.runtime.CoordinatorRuntime)
kafka2        | 2026-09-26T00:27:40.583736185Z [2026-09-26 00:27:40,581] INFO [GroupCoordinator id=2] Finished unloading metadata for __consumer_offsets-44 with epoch OptionalInt[2]. (org.apache.kafka.coordinator.common.runtime.CoordinatorRuntime)
kafka2        | 2026-09-26T00:27:40.583831220Z [2026-09-26 00:27:40,583] INFO [GroupCoordinator id=2] Ignored unloading metadata for __consumer_offsets-12 in epoch OptionalInt[2] since metadata was never loaded. (org.apache.kafka.coordinator.common.runtime.CoordinatorRuntime)
kafka2        | 2026-09-26T00:27:40.584798838Z [2026-09-26 00:27:40,582] INFO [GroupCoordinator id=2] Started unloading metadata for __consumer_offsets-41 with epoch OptionalInt[2]. (org.apache.kafka.coordinator.common.runtime.CoordinatorRuntime)
kafka2        | 2026-09-26T00:27:40.585893593Z [2026-09-26 00:27:40,585] INFO [GroupCoordinator id=2] Scheduling unloading of metadata for __consumer_offsets-24 with epoch OptionalInt[2] (org.apache.kafka.coordinator.common.runtime.CoordinatorRuntime)
kafka2        | 2026-09-26T00:27:40.588925189Z [2026-09-26 00:27:40,586] INFO [GroupCoordinator id=2] Started unloading metadata for __consumer_offsets-10 with epoch OptionalInt[2]. (org.apache.kafka.coordinator.common.runtime.CoordinatorRuntime)
kafka2        | 2026-09-26T00:27:40.588949308Z [2026-09-26 00:27:40,588] INFO [GroupCoordinator id=2] Finished unloading metadata for __consumer_offsets-10 with epoch OptionalInt[2]. (org.apache.kafka.coordinator.common.runtime.CoordinatorRuntime)
kafka2        | 2026-09-26T00:27:40.589931543Z [2026-09-26 00:27:40,589] INFO [GroupCoordinator id=2] Scheduling unloading of metadata for __consumer_offsets-21 with epoch OptionalInt[2] (org.apache.kafka.coordinator.common.runtime.CoordinatorRuntime)
kafka2        | 2026-09-26T00:27:40.591294665Z [2026-09-26 00:27:40,586] INFO [GroupCoordinator id=2] Finished unloading metadata for __consumer_offsets-41 with epoch OptionalInt[2]. (org.apache.kafka.coordinator.common.runtime.CoordinatorRuntime)
kafka2        | 2026-09-26T00:27:40.592574816Z [2026-09-26 00:27:40,590] INFO [GroupCoordinator id=2] Started unloading metadata for __consumer_offsets-24 with epoch OptionalInt[2]. (org.apache.kafka.coordinator.common.runtime.CoordinatorRuntime)
producer-3-1  | 2026-09-26T00:27:30.386995179Z   producer = criar_producer()
kafka1        | 2026-09-26T00:27:40.534944323Z [2026-09-26 00:27:40,526] INFO [ReplicaFetcherManager on broker 1] Removed fetcher for partitions Set(__consumer_offsets-15, __consumer_offsets-46, __consumer_offsets-44, __consumer_offsets-12, __consumer_offsets-41, __consumer_offsets-10, __consumer_offsets-24, __consumer_offsets-21, __consumer_offsets-18, __consumer_offsets-30, __consumer_offsets-27, __consumer_offsets-8, __consumer_offsets-38, __consumer_offsets-4, dados-sensores-0, __consumer_offsets-34, __consumer_offsets-2) (kafka.server.ReplicaFetcherManager)
kafka1        | 2026-09-26T00:27:40.951533345Z [2026-09-26 00:27:40,950] INFO [GroupCoordinator id=1] Scheduling loading of metadata from __consumer_offsets-15 with epoch 2 (org.apache.kafka.coordinator.common.runtime.CoordinatorRuntime)
kafka1        | 2026-09-26T00:27:40.958021492Z [2026-09-26 00:27:40,957] INFO [GroupCoordinator id=1] Scheduling loading of metadata from __consumer_offsets-46 with epoch 2 (org.apache.kafka.coordinator.common.runtime.CoordinatorRuntime)
kafka1        | 2026-09-26T00:27:40.959611598Z [2026-09-26 00:27:40,958] INFO [GroupCoordinator id=1] Scheduling loading of metadata from __consumer_offsets-44 with epoch 2 (org.apache.kafka.coordinator.common.runtime.CoordinatorRuntime)
kafka1        | 2026-09-26T00:27:40.961056057Z [2026-09-26 00:27:40,960] INFO [GroupCoordinator id=1] Scheduling loading of metadata from __consumer_offsets-12 with epoch 2 (org.apache.kafka.coordinator.common.runtime.CoordinatorRuntime)
kafka1        | 2026-09-26T00:27:40.962585241Z [2026-09-26 00:27:40,961] INFO [GroupCoordinator id=1] Scheduling loading of metadata from __consumer_offsets-41 with epoch 2 (org.apache.kafka.coordinator.common.runtime.CoordinatorRuntime)
kafka1        | 2026-09-26T00:27:40.964236199Z [2026-09-26 00:27:40,963] INFO [GroupCoordinator id=1] Scheduling loading of metadata from __consumer_offsets-10 with epoch 2 (org.apache.kafka.coordinator.common.runtime.CoordinatorRuntime)
kafka1        | 2026-09-26T00:27:40.965937101Z [2026-09-26 00:27:40,965] INFO [GroupCoordinator id=1] Scheduling loading of metadata from __consumer_offsets-24 with epoch 2 (org.apache.kafka.coordinator.common.runtime.CoordinatorRuntime)
kafka1        | 2026-09-26T00:27:40.967651301Z [2026-09-26 00:27:40,966] INFO [GroupCoordinator id=1] Scheduling loading of metadata from __consumer_offsets-21 with epoch 2 (org.apache.kafka.coordinator.common.runtime.CoordinatorRuntime)
kafka1        | 2026-09-26T00:27:40.969303633Z [2026-09-26 00:27:40,968] INFO [GroupCoordinator id=1] Scheduling loading of metadata from __consumer_offsets-18 with epoch 2 (org.apache.kafka.coordinator.common.runtime.CoordinatorRuntime)
kafka1        | 2026-09-26T00:27:40.970641124Z [2026-09-26 00:27:40,969] INFO [GroupCoordinator id=1] Scheduling loading of metadata from __consumer_offsets-30 with epoch 2 (org.apache.kafka.coordinator.common.runtime.CoordinatorRuntime)
kafka1        | 2026-09-26T00:27:40.972070176Z [2026-09-26 00:27:40,971] INFO [GroupCoordinator id=1] Scheduling loading of metadata from __consumer_offsets-27 with epoch 2 (org.apache.kafka.coordinator.common.runtime.CoordinatorRuntime)
kafka1        | 2026-09-26T00:27:40.977051001Z [2026-09-26 00:27:40,972] INFO [GroupCoordinator id=1] Scheduling loading of metadata from __consumer_offsets-8 with epoch 2 (org.apache.kafka.coordinator.common.runtime.CoordinatorRuntime)
kafka1        | 2026-09-26T00:27:40.977127899Z [2026-09-26 00:27:40,974] INFO [GroupCoordinator id=1] Scheduling loading of metadata from __consumer_offsets-38 with epoch 2 (org.apache.kafka.coordinator.common.runtime.CoordinatorRuntime)
kafka1        | 2026-09-26T00:27:40.977214646Z [2026-09-26 00:27:40,976] INFO [GroupCoordinator id=1] Scheduling loading of metadata from __consumer_offsets-4 with epoch 2 (org.apache.kafka.coordinator.common.runtime.CoordinatorRuntime)
kafka1        | 2026-09-26T00:27:40.978594640Z [2026-09-26 00:27:40,977] INFO [GroupCoordinator id=1] Scheduling loading of metadata from __consumer_offsets-34 with epoch 2 (org.apache.kafka.coordinator.common.runtime.CoordinatorRuntime)
kafka1        | 2026-09-26T00:27:40.979512089Z [2026-09-26 00:27:40,978] INFO [GroupCoordinator id=1] Scheduling loading of metadata from __consumer_offsets-2 with epoch 2 (org.apache.kafka.coordinator.common.runtime.CoordinatorRuntime)
kafka1        | 2026-09-26T00:27:40.995574761Z [2026-09-26 00:27:40,994] INFO [GroupCoordinator id=1] Finished loading of metadata from __consumer_offsets-10 with epoch 2 in 11ms where 11ms was spent in the scheduler. Loaded 0 records which total to 0 bytes. (org.apache.kafka.coordinator.common.runtime.CoordinatorRuntime)
kafka1        | 2026-09-26T00:27:40.996082511Z [2026-09-26 00:27:40,994] INFO [GroupCoordinator id=1] Finished loading of metadata from __consumer_offsets-15 with epoch 2 in 16ms where 15ms was spent in the scheduler. Loaded 0 records which total to 0 bytes. (org.apache.kafka.coordinator.common.runtime.CoordinatorRuntime)
kafka1        | 2026-09-26T00:27:40.996194080Z [2026-09-26 00:27:40,994] INFO [GroupCoordinator id=1] Finished loading of metadata from __consumer_offsets-27 with epoch 2 in 10ms where 10ms was spent in the scheduler. Loaded 0 records which total to 0 bytes. (org.apache.kafka.coordinator.common.runtime.CoordinatorRuntime)
kafka1        | 2026-09-26T00:27:40.996205293Z [2026-09-26 00:27:40,994] INFO [GroupCoordinator id=1] Finished loading of metadata from __consumer_offsets-44 with epoch 2 in 14ms where 6ms was spent in the scheduler. Loaded 0 records which total to 0 bytes. (org.apache.kafka.coordinator.common.runtime.CoordinatorRuntime)
kafka1        | 2026-09-26T00:27:40.996863819Z [2026-09-26 00:27:40,996] INFO [GroupCoordinator id=1] Finished loading of metadata from __consumer_offsets-38 with epoch 2 in 8ms where 8ms was spent in the scheduler. Loaded 0 records which total to 0 bytes. (org.apache.kafka.coordinator.common.runtime.CoordinatorRuntime)
kafka1        | 2026-09-26T00:27:40.996960036Z [2026-09-26 00:27:40,996] INFO [GroupCoordinator id=1] Finished loading of metadata from __consumer_offsets-18 with epoch 2 in 8ms where 8ms was spent in the scheduler. Loaded 0 records which total to 0 bytes. (org.apache.kafka.coordinator.common.runtime.CoordinatorRuntime)
kafka1        | 2026-09-26T00:27:40.996969275Z [2026-09-26 00:27:40,996] INFO [GroupCoordinator id=1] Finished loading of metadata from __consumer_offsets-8 with epoch 2 in 9ms where 9ms was spent in the scheduler. Loaded 0 records which total to 0 bytes. (org.apache.kafka.coordinator.common.runtime.CoordinatorRuntime)
kafka1        | 2026-09-26T00:27:40.996976249Z [2026-09-26 00:27:40,996] INFO [GroupCoordinator id=1] Finished loading of metadata from __consumer_offsets-2 with epoch 2 in 8ms where 7ms was spent in the scheduler. Loaded 0 records which total to 0 bytes. (org.apache.kafka.coordinator.common.runtime.CoordinatorRuntime)
kafka1        | 2026-09-26T00:27:40.997917294Z [2026-09-26 00:27:40,997] INFO [GroupCoordinator id=1] Finished loading of metadata from __consumer_offsets-21 with epoch 2 in 9ms where 9ms was spent in the scheduler. Loaded 0 records which total to 0 bytes. (org.apache.kafka.coordinator.common.runtime.CoordinatorRuntime)
kafka1        | 2026-09-26T00:27:40.997964089Z [2026-09-26 00:27:40,997] INFO [GroupCoordinator id=1] Finished loading of metadata from __consumer_offsets-24 with epoch 2 in 11ms where 11ms was spent in the scheduler. Loaded 0 records which total to 0 bytes. (org.apache.kafka.coordinator.common.runtime.CoordinatorRuntime)
kafka1        | 2026-09-26T00:27:40.997972196Z [2026-09-26 00:27:40,997] INFO [GroupCoordinator id=1] Finished loading of metadata from __consumer_offsets-30 with epoch 2 in 8ms where 8ms was spent in the scheduler. Loaded 0 records which total to 0 bytes. (org.apache.kafka.coordinator.common.runtime.CoordinatorRuntime)
kafka1        | 2026-09-26T00:27:40.998949766Z [2026-09-26 00:27:40,998] INFO [GroupCoordinator id=1] Finished loading of metadata from __consumer_offsets-34 with epoch 2 in 8ms where 8ms was spent in the scheduler. Loaded 0 records which total to 0 bytes. (org.apache.kafka.coordinator.common.runtime.CoordinatorRuntime)
kafka1        | 2026-09-26T00:27:40.998992954Z [2026-09-26 00:27:40,998] INFO [GroupCoordinator id=1] Finished loading of metadata from __consumer_offsets-46 with epoch 2 in 18ms where 18ms was spent in the scheduler. Loaded 0 records which total to 0 bytes. (org.apache.kafka.coordinator.common.runtime.CoordinatorRuntime)
kafka1        | 2026-09-26T00:27:40.999098440Z [2026-09-26 00:27:40,998] INFO [GroupCoordinator id=1] Finished loading of metadata from __consumer_offsets-4 with epoch 2 in 8ms where 8ms was spent in the scheduler. Loaded 0 records which total to 0 bytes. (org.apache.kafka.coordinator.common.runtime.CoordinatorRuntime)
kafka1        | 2026-09-26T00:27:40.999223256Z [2026-09-26 00:27:40,998] INFO [GroupCoordinator id=1] Finished loading of metadata from __consumer_offsets-41 with epoch 2 in 8ms where 8ms was spent in the scheduler. Loaded 0 records which total to 0 bytes. (org.apache.kafka.coordinator.common.runtime.CoordinatorRuntime)
kafka1        | 2026-09-26T00:27:40.999814491Z [2026-09-26 00:27:40,999] INFO [GroupCoordinator id=1] Finished loading of metadata from __consumer_offsets-12 with epoch 2 in 17ms where 17ms was spent in the scheduler. Loaded 0 records which total to 0 bytes. (org.apache.kafka.coordinator.common.runtime.CoordinatorRuntime)
kafka3        | 2026-09-26T00:27:40.457319530Z [2026-09-26 00:27:40,453] INFO [ReplicaFetcherManager on broker 3] Removed fetcher for partitions Set(__consumer_offsets-15, __consumer_offsets-46, __consumer_offsets-44, __consumer_offsets-12, __consumer_offsets-41, __consumer_offsets-10, __consumer_offsets-24, __consumer_offsets-21, __consumer_offsets-18, __consumer_offsets-30, __consumer_offsets-27, __consumer_offsets-8, __consumer_offsets-38, __consumer_offsets-4, __consumer_offsets-34, __consumer_offsets-2) (kafka.server.ReplicaFetcherManager)
kafka3        | 2026-09-26T00:27:40.479234664Z [2026-09-26 00:27:40,476] INFO [ReplicaFetcherThread-0-1]: Starting (kafka.server.ReplicaFetcherThread)
kafka3        | 2026-09-26T00:27:40.479283073Z [2026-09-26 00:27:40,478] INFO [ReplicaFetcherManager on broker 3] Added fetcher to broker 1 for partitions HashMap(__consumer_offsets-15 -> InitialFetchState(Some(ZGFhrgkeSDKE-O_FaP3hAA),BrokerEndPoint[id=1, host=kafka1, port=19092],2,0), __consumer_offsets-46 -> InitialFetchState(Some(ZGFhrgkeSDKE-O_FaP3hAA),BrokerEndPoint[id=1, host=kafka1, port=19092],2,0), __consumer_offsets-44 -> InitialFetchState(Some(ZGFhrgkeSDKE-O_FaP3hAA),BrokerEndPoint[id=1, host=kafka1, port=19092],2,0), __consumer_offsets-12 -> InitialFetchState(Some(ZGFhrgkeSDKE-O_FaP3hAA),BrokerEndPoint[id=1, host=kafka1, port=19092],2,0), __consumer_offsets-41 -> InitialFetchState(Some(ZGFhrgkeSDKE-O_FaP3hAA),BrokerEndPoint[id=1, host=kafka1, port=19092],2,0), __consumer_offsets-10 -> InitialFetchState(Some(ZGFhrgkeSDKE-O_FaP3hAA),BrokerEndPoint[id=1, host=kafka1, port=19092],2,0), __consumer_offsets-24 -> InitialFetchState(Some(ZGFhrgkeSDKE-O_FaP3hAA),BrokerEndPoint[id=1, host=kafka1, port=19092],2,0), __consumer_offsets-21 -> InitialFetchState(Some(ZGFhrgkeSDKE-O_FaP3hAA),BrokerEndPoint[id=1, host=kafka1, port=19092],2,0), __consumer_offsets-18 -> InitialFetchState(Some(ZGFhrgkeSDKE-O_FaP3hAA),BrokerEndPoint[id=1, host=kafka1, port=19092],2,0), __consumer_offsets-30 -> InitialFetchState(Some(ZGFhrgkeSDKE-O_FaP3hAA),BrokerEndPoint[id=1, host=kafka1, port=19092],2,0), __consumer_offsets-27 -> InitialFetchState(Some(ZGFhrgkeSDKE-O_FaP3hAA),BrokerEndPoint[id=1, host=kafka1, port=19092],2,0), __consumer_offsets-8 -> InitialFetchState(Some(ZGFhrgkeSDKE-O_FaP3hAA),BrokerEndPoint[id=1, host=kafka1, port=19092],2,0), __consumer_offsets-38 -> InitialFetchState(Some(ZGFhrgkeSDKE-O_FaP3hAA),BrokerEndPoint[id=1, host=kafka1, port=19092],2,0), __consumer_offsets-4 -> InitialFetchState(Some(ZGFhrgkeSDKE-O_FaP3hAA),BrokerEndPoint[id=1, host=kafka1, port=19092],2,0), __consumer_offsets-34 -> InitialFetchState(Some(ZGFhrgkeSDKE-O_FaP3hAA),BrokerEndPoint[id=1, host=kafka1, port=19092],2,0), __consumer_offsets-2 -> InitialFetchState(Some(ZGFhrgkeSDKE-O_FaP3hAA),BrokerEndPoint[id=1, host=kafka1, port=19092],2,0)) (kafka.server.ReplicaFetcherManager)
kafka3        | 2026-09-26T00:27:40.481568070Z [2026-09-26 00:27:40,480] INFO [ReplicaFetcher replicaId=3, leaderId=1, fetcherId=0] Truncating partition __consumer_offsets-30 with TruncationState(offset=0, completed=true) due to local high watermark 0 (kafka.server.ReplicaFetcherThread)
kafka2        | 2026-09-26T00:27:40.594528617Z [2026-09-26 00:27:40,594] INFO [GroupCoordinator id=2] Finished unloading metadata for __consumer_offsets-24 with epoch OptionalInt[2]. (org.apache.kafka.coordinator.common.runtime.CoordinatorRuntime)
kafka2        | 2026-09-26T00:27:40.595298156Z [2026-09-26 00:27:40,594] INFO [GroupCoordinator id=2] Ignored unloading metadata for __consumer_offsets-21 in epoch OptionalInt[2] since metadata was never loaded. (org.apache.kafka.coordinator.common.runtime.CoordinatorRuntime)
kafka2        | 2026-09-26T00:27:40.595428039Z [2026-09-26 00:27:40,593] INFO [GroupCoordinator id=2] Scheduling unloading of metadata for __consumer_offsets-18 with epoch OptionalInt[2] (org.apache.kafka.coordinator.common.runtime.CoordinatorRuntime)
kafka2        | 2026-09-26T00:27:40.596096768Z [2026-09-26 00:27:40,595] INFO [GroupCoordinator id=2] Scheduling unloading of metadata for __consumer_offsets-30 with epoch OptionalInt[2] (org.apache.kafka.coordinator.common.runtime.CoordinatorRuntime)
kafka2        | 2026-09-26T00:27:40.596216423Z [2026-09-26 00:27:40,595] INFO [GroupCoordinator id=2] Ignored unloading metadata for __consumer_offsets-18 in epoch OptionalInt[2] since metadata was never loaded. (org.apache.kafka.coordinator.common.runtime.CoordinatorRuntime)
kafka2        | 2026-09-26T00:27:40.599317675Z [2026-09-26 00:27:40,596] INFO [GroupCoordinator id=2] Scheduling unloading of metadata for __consumer_offsets-27 with epoch OptionalInt[2] (org.apache.kafka.coordinator.common.runtime.CoordinatorRuntime)
kafka2        | 2026-09-26T00:27:40.599374020Z [2026-09-26 00:27:40,596] INFO [GroupCoordinator id=2] Started unloading metadata for __consumer_offsets-30 with epoch OptionalInt[2]. (org.apache.kafka.coordinator.common.runtime.CoordinatorRuntime)
kafka2        | 2026-09-26T00:27:40.599382307Z [2026-09-26 00:27:40,596] INFO [GroupCoordinator id=2] Scheduling unloading of metadata for __consumer_offsets-8 with epoch OptionalInt[2] (org.apache.kafka.coordinator.common.runtime.CoordinatorRuntime)
kafka2        | 2026-09-26T00:27:40.599388931Z [2026-09-26 00:27:40,596] INFO [GroupCoordinator id=2] Scheduling unloading of metadata for __consumer_offsets-38 with epoch OptionalInt[2] (org.apache.kafka.coordinator.common.runtime.CoordinatorRuntime)
kafka2        | 2026-09-26T00:27:40.599395684Z [2026-09-26 00:27:40,596] INFO [GroupCoordinator id=2] Scheduling unloading of metadata for __consumer_offsets-4 with epoch OptionalInt[2] (org.apache.kafka.coordinator.common.runtime.CoordinatorRuntime)
kafka2        | 2026-09-26T00:27:40.599401506Z [2026-09-26 00:27:40,596] INFO [GroupCoordinator id=2] Finished unloading metadata for __consumer_offsets-30 with epoch OptionalInt[2]. (org.apache.kafka.coordinator.common.runtime.CoordinatorRuntime)
kafka2        | 2026-09-26T00:27:40.599407669Z [2026-09-26 00:27:40,596] INFO [GroupCoordinator id=2] Scheduling unloading of metadata for __consumer_offsets-34 with epoch OptionalInt[2] (org.apache.kafka.coordinator.common.runtime.CoordinatorRuntime)
kafka2        | 2026-09-26T00:27:40.599413641Z [2026-09-26 00:27:40,596] INFO [GroupCoordinator id=2] Started unloading metadata for __consumer_offsets-4 with epoch OptionalInt[2]. (org.apache.kafka.coordinator.common.runtime.CoordinatorRuntime)
kafka2        | 2026-09-26T00:27:40.599419633Z [2026-09-26 00:27:40,597] INFO [GroupCoordinator id=2] Scheduling unloading of metadata for __consumer_offsets-2 with epoch OptionalInt[2] (org.apache.kafka.coordinator.common.runtime.CoordinatorRuntime)
kafka2        | 2026-09-26T00:27:40.599425485Z [2026-09-26 00:27:40,597] INFO [GroupCoordinator id=2] Finished unloading metadata for __consumer_offsets-4 with epoch OptionalInt[2]. (org.apache.kafka.coordinator.common.runtime.CoordinatorRuntime)
kafka2        | 2026-09-26T00:27:40.599433732Z [2026-09-26 00:27:40,597] INFO [GroupCoordinator id=2] Started unloading metadata for __consumer_offsets-2 with epoch OptionalInt[2]. (org.apache.kafka.coordinator.common.runtime.CoordinatorRuntime)
kafka2        | 2026-09-26T00:27:40.599484747Z [2026-09-26 00:27:40,597] INFO [GroupCoordinator id=2] Finished unloading metadata for __consumer_offsets-2 with epoch OptionalInt[2]. (org.apache.kafka.coordinator.common.runtime.CoordinatorRuntime)
kafka2        | 2026-09-26T00:27:40.599493194Z [2026-09-26 00:27:40,597] INFO [GroupCoordinator id=2] Started unloading metadata for __consumer_offsets-34 with epoch OptionalInt[2]. (org.apache.kafka.coordinator.common.runtime.CoordinatorRuntime)
kafka2        | 2026-09-26T00:27:40.599499226Z [2026-09-26 00:27:40,598] INFO [GroupCoordinator id=2] Finished unloading metadata for __consumer_offsets-34 with epoch OptionalInt[2]. (org.apache.kafka.coordinator.common.runtime.CoordinatorRuntime)
kafka2        | 2026-09-26T00:27:40.599505219Z [2026-09-26 00:27:40,598] INFO [GroupCoordinator id=2] Ignored unloading metadata for __consumer_offsets-8 in epoch OptionalInt[2] since metadata was never loaded. (org.apache.kafka.coordinator.common.runtime.CoordinatorRuntime)
kafka2        | 2026-09-26T00:27:40.599844844Z [2026-09-26 00:27:40,598] INFO [GroupCoordinator id=2] Started unloading metadata for __consumer_offsets-38 with epoch OptionalInt[2]. (org.apache.kafka.coordinator.common.runtime.CoordinatorRuntime)
kafka2        | 2026-09-26T00:27:40.599920880Z [2026-09-26 00:27:40,599] INFO [GroupCoordinator id=2] Finished unloading metadata for __consumer_offsets-38 with epoch OptionalInt[2]. (org.apache.kafka.coordinator.common.runtime.CoordinatorRuntime)
kafka2        | 2026-09-26T00:27:40.600375271Z [2026-09-26 00:27:40,599] INFO [GroupCoordinator id=2] Started unloading metadata for __consumer_offsets-27 with epoch OptionalInt[2]. (org.apache.kafka.coordinator.common.runtime.CoordinatorRuntime)
kafka2        | 2026-09-26T00:27:40.601020953Z [2026-09-26 00:27:40,600] INFO [GroupCoordinator id=2] Finished unloading metadata for __consumer_offsets-27 with epoch OptionalInt[2]. (org.apache.kafka.coordinator.common.runtime.CoordinatorRuntime)
kafka3        | 2026-09-26T00:27:40.483893770Z [2026-09-26 00:27:40,481] INFO [UnifiedLog partition=__consumer_offsets-30, dir=/tmp/kafka-logs] Truncating to 0 has no effect as the largest offset in the log is -1 (org.apache.kafka.storage.internals.log.UnifiedLog)
kafka3        | 2026-09-26T00:27:40.483971219Z [2026-09-26 00:27:40,482] INFO [ReplicaFetcher replicaId=3, leaderId=1, fetcherId=0] Truncating partition __consumer_offsets-46 with TruncationState(offset=0, completed=true) due to local high watermark 0 (kafka.server.ReplicaFetcherThread)
kafka3        | 2026-09-26T00:27:40.484455360Z [2026-09-26 00:27:40,483] INFO [UnifiedLog partition=__consumer_offsets-46, dir=/tmp/kafka-logs] Truncating to 0 has no effect as the largest offset in the log is -1 (org.apache.kafka.storage.internals.log.UnifiedLog)
kafka3        | 2026-09-26T00:27:40.488849349Z [2026-09-26 00:27:40,484] INFO [ReplicaFetcher replicaId=3, leaderId=1, fetcherId=0] Truncating partition __consumer_offsets-27 with TruncationState(offset=0, completed=true) due to local high watermark 0 (kafka.server.ReplicaFetcherThread)
kafka3        | 2026-09-26T00:27:40.488938080Z [2026-09-26 00:27:40,485] INFO [UnifiedLog partition=__consumer_offsets-27, dir=/tmp/kafka-logs] Truncating to 0 has no effect as the largest offset in the log is -1 (org.apache.kafka.storage.internals.log.UnifiedLog)
kafka3        | 2026-09-26T00:27:40.488952039Z [2026-09-26 00:27:40,486] INFO [ReplicaFetcher replicaId=3, leaderId=1, fetcherId=0] Truncating partition __consumer_offsets-44 with TruncationState(offset=0, completed=true) due to local high watermark 0 (kafka.server.ReplicaFetcherThread)
kafka3        | 2026-09-26T00:27:40.488959013Z [2026-09-26 00:27:40,487] INFO [UnifiedLog partition=__consumer_offsets-44, dir=/tmp/kafka-logs] Truncating to 0 has no effect as the largest offset in the log is -1 (org.apache.kafka.storage.internals.log.UnifiedLog)
kafka3        | 2026-09-26T00:27:40.488965627Z [2026-09-26 00:27:40,488] INFO [ReplicaFetcher replicaId=3, leaderId=1, fetcherId=0] Truncating partition __consumer_offsets-41 with TruncationState(offset=0, completed=true) due to local high watermark 0 (kafka.server.ReplicaFetcherThread)
kafka3        | 2026-09-26T00:27:40.489743184Z [2026-09-26 00:27:40,489] INFO [UnifiedLog partition=__consumer_offsets-41, dir=/tmp/kafka-logs] Truncating to 0 has no effect as the largest offset in the log is -1 (org.apache.kafka.storage.internals.log.UnifiedLog)
kafka3        | 2026-09-26T00:27:40.490814739Z [2026-09-26 00:27:40,490] INFO [ReplicaFetcher replicaId=3, leaderId=1, fetcherId=0] Truncating partition __consumer_offsets-10 with TruncationState(offset=0, completed=true) due to local high watermark 0 (kafka.server.ReplicaFetcherThread)
kafka3        | 2026-09-26T00:27:40.495632362Z [2026-09-26 00:27:40,491] INFO [UnifiedLog partition=__consumer_offsets-10, dir=/tmp/kafka-logs] Truncating to 0 has no effect as the largest offset in the log is -1 (org.apache.kafka.storage.internals.log.UnifiedLog)
kafka3        | 2026-09-26T00:27:40.495845418Z [2026-09-26 00:27:40,491] INFO [ReplicaFetcher replicaId=3, leaderId=1, fetcherId=0] Truncating partition __consumer_offsets-24 with TruncationState(offset=0, completed=true) due to local high watermark 0 (kafka.server.ReplicaFetcherThread)
kafka3        | 2026-09-26T00:27:40.495859998Z [2026-09-26 00:27:40,492] INFO [UnifiedLog partition=__consumer_offsets-24, dir=/tmp/kafka-logs] Truncating to 0 has no effect as the largest offset in the log is -1 (org.apache.kafka.storage.internals.log.UnifiedLog)
kafka3        | 2026-09-26T00:27:40.496443984Z [2026-09-26 00:27:40,493] INFO [ReplicaFetcher replicaId=3, leaderId=1, fetcherId=0] Truncating partition __consumer_offsets-38 with TruncationState(offset=0, completed=true) due to local high watermark 0 (kafka.server.ReplicaFetcherThread)
kafka3        | 2026-09-26T00:27:40.497281199Z [2026-09-26 00:27:40,496] INFO [UnifiedLog partition=__consumer_offsets-38, dir=/tmp/kafka-logs] Truncating to 0 has no effect as the largest offset in the log is -1 (org.apache.kafka.storage.internals.log.UnifiedLog)
kafka3        | 2026-09-26T00:27:40.500559094Z [2026-09-26 00:27:40,497] INFO [ReplicaFetcher replicaId=3, leaderId=1, fetcherId=0] Truncating partition __consumer_offsets-4 with TruncationState(offset=0, completed=true) due to local high watermark 0 (kafka.server.ReplicaFetcherThread)
kafka3        | 2026-09-26T00:27:40.500626883Z [2026-09-26 00:27:40,498] INFO [UnifiedLog partition=__consumer_offsets-4, dir=/tmp/kafka-logs] Truncating to 0 has no effect as the largest offset in the log is -1 (org.apache.kafka.storage.internals.log.UnifiedLog)
kafka3        | 2026-09-26T00:27:40.500709983Z [2026-09-26 00:27:40,499] INFO [ReplicaFetcher replicaId=3, leaderId=1, fetcherId=0] Truncating partition __consumer_offsets-34 with TruncationState(offset=0, completed=true) due to local high watermark 0 (kafka.server.ReplicaFetcherThread)
kafka3        | 2026-09-26T00:27:40.502314717Z [2026-09-26 00:27:40,500] INFO [UnifiedLog partition=__consumer_offsets-34, dir=/tmp/kafka-logs] Truncating to 0 has no effect as the largest offset in the log is -1 (org.apache.kafka.storage.internals.log.UnifiedLog)
kafka3        | 2026-09-26T00:27:40.502366513Z [2026-09-26 00:27:40,501] INFO [ReplicaFetcher replicaId=3, leaderId=1, fetcherId=0] Truncating partition __consumer_offsets-2 with TruncationState(offset=0, completed=true) due to local high watermark 0 (kafka.server.ReplicaFetcherThread)
kafka3        | 2026-09-26T00:27:40.504238176Z [2026-09-26 00:27:40,502] INFO [UnifiedLog partition=__consumer_offsets-2, dir=/tmp/kafka-logs] Truncating to 0 has no effect as the largest offset in the log is -1 (org.apache.kafka.storage.internals.log.UnifiedLog)
kafka3        | 2026-09-26T00:27:40.547042365Z [2026-09-26 00:27:40,546] INFO [GroupCoordinator id=3] Scheduling unloading of metadata for __consumer_offsets-15 with epoch OptionalInt[2] (org.apache.kafka.coordinator.common.runtime.CoordinatorRuntime)
kafka3        | 2026-09-26T00:27:40.547899691Z [2026-09-26 00:27:40,547] INFO [GroupCoordinator id=3] Scheduling unloading of metadata for __consumer_offsets-46 with epoch OptionalInt[2] (org.apache.kafka.coordinator.common.runtime.CoordinatorRuntime)
kafka3        | 2026-09-26T00:27:40.549209006Z [2026-09-26 00:27:40,548] INFO [GroupCoordinator id=3] Scheduling unloading of metadata for __consumer_offsets-44 with epoch OptionalInt[2] (org.apache.kafka.coordinator.common.runtime.CoordinatorRuntime)
kafka3        | 2026-09-26T00:27:40.552457595Z [2026-09-26 00:27:40,550] INFO [GroupCoordinator id=3] Scheduling unloading of metadata for __consumer_offsets-12 with epoch OptionalInt[2] (org.apache.kafka.coordinator.common.runtime.CoordinatorRuntime)
kafka3        | 2026-09-26T00:27:40.552567470Z [2026-09-26 00:27:40,550] INFO [GroupCoordinator id=3] Scheduling unloading of metadata for __consumer_offsets-41 with epoch OptionalInt[2] (org.apache.kafka.coordinator.common.runtime.CoordinatorRuntime)
kafka3        | 2026-09-26T00:27:40.552579585Z [2026-09-26 00:27:40,549] INFO [GroupCoordinator id=3] Started unloading metadata for __consumer_offsets-15 with epoch OptionalInt[2]. (org.apache.kafka.coordinator.common.runtime.CoordinatorRuntime)
kafka3        | 2026-09-26T00:27:40.552586109Z [2026-09-26 00:27:40,551] INFO [GroupCoordinator id=3] Ignored unloading metadata for __consumer_offsets-44 in epoch OptionalInt[2] since metadata was never loaded. (org.apache.kafka.coordinator.common.runtime.CoordinatorRuntime)
kafka3        | 2026-09-26T00:27:40.556511024Z [2026-09-26 00:27:40,555] INFO [GroupCoordinator id=3] Ignored unloading metadata for __consumer_offsets-46 in epoch OptionalInt[2] since metadata was never loaded. (org.apache.kafka.coordinator.common.runtime.CoordinatorRuntime)
kafka3        | 2026-09-26T00:27:40.557255371Z [2026-09-26 00:27:40,552] INFO [GroupCoordinator id=3] Scheduling unloading of metadata for __consumer_offsets-10 with epoch OptionalInt[2] (org.apache.kafka.coordinator.common.runtime.CoordinatorRuntime)
kafka3        | 2026-09-26T00:27:40.557299682Z [2026-09-26 00:27:40,555] INFO [GroupCoordinator id=3] Ignored unloading metadata for __consumer_offsets-41 in epoch OptionalInt[2] since metadata was never loaded. (org.apache.kafka.coordinator.common.runtime.CoordinatorRuntime)
kafka3        | 2026-09-26T00:27:40.558222459Z [2026-09-26 00:27:40,557] INFO [GroupCoordinator id=3] Started unloading metadata for __consumer_offsets-12 with epoch OptionalInt[2]. (org.apache.kafka.coordinator.common.runtime.CoordinatorRuntime)
kafka3        | 2026-09-26T00:27:40.560943392Z [2026-09-26 00:27:40,560] INFO [GroupCoordinator id=3] Finished unloading metadata for __consumer_offsets-12 with epoch OptionalInt[2]. (org.apache.kafka.coordinator.common.runtime.CoordinatorRuntime)
kafka3        | 2026-09-26T00:27:40.561927176Z [2026-09-26 00:27:40,561] INFO [GroupCoordinator id=3] Finished unloading metadata for __consumer_offsets-15 with epoch OptionalInt[2]. (org.apache.kafka.coordinator.common.runtime.CoordinatorRuntime)
kafka3        | 2026-09-26T00:27:40.563089647Z [2026-09-26 00:27:40,562] INFO [GroupCoordinator id=3] Scheduling unloading of metadata for __consumer_offsets-24 with epoch OptionalInt[2] (org.apache.kafka.coordinator.common.runtime.CoordinatorRuntime)
kafka3        | 2026-09-26T00:27:40.565625661Z [2026-09-26 00:27:40,565] INFO [GroupCoordinator id=3] Ignored unloading metadata for __consumer_offsets-10 in epoch OptionalInt[2] since metadata was never loaded. (org.apache.kafka.coordinator.common.runtime.CoordinatorRuntime)
kafka3        | 2026-09-26T00:27:40.565832975Z [2026-09-26 00:27:40,565] INFO [GroupCoordinator id=3] Ignored unloading metadata for __consumer_offsets-24 in epoch OptionalInt[2] since metadata was never loaded. (org.apache.kafka.coordinator.common.runtime.CoordinatorRuntime)
kafka3        | 2026-09-26T00:27:40.572012553Z [2026-09-26 00:27:40,571] INFO [GroupCoordinator id=3] Scheduling unloading of metadata for __consumer_offsets-21 with epoch OptionalInt[2] (org.apache.kafka.coordinator.common.runtime.CoordinatorRuntime)
kafka3        | 2026-09-26T00:27:40.572783562Z [2026-09-26 00:27:40,572] INFO [GroupCoordinator id=3] Scheduling unloading of metadata for __consumer_offsets-18 with epoch OptionalInt[2] (org.apache.kafka.coordinator.common.runtime.CoordinatorRuntime)
kafka3        | 2026-09-26T00:27:40.573107926Z [2026-09-26 00:27:40,572] INFO [GroupCoordinator id=3] Scheduling unloading of metadata for __consumer_offsets-30 with epoch OptionalInt[2] (org.apache.kafka.coordinator.common.runtime.CoordinatorRuntime)
kafka3        | 2026-09-26T00:27:40.573375123Z [2026-09-26 00:27:40,573] INFO [GroupCoordinator id=3] Scheduling unloading of metadata for __consumer_offsets-27 with epoch OptionalInt[2] (org.apache.kafka.coordinator.common.runtime.CoordinatorRuntime)
kafka3        | 2026-09-26T00:27:40.573402439Z [2026-09-26 00:27:40,573] INFO [GroupCoordinator id=3] Scheduling unloading of metadata for __consumer_offsets-8 with epoch OptionalInt[2] (org.apache.kafka.coordinator.common.runtime.CoordinatorRuntime)
kafka3        | 2026-09-26T00:27:40.573410386Z [2026-09-26 00:27:40,573] INFO [GroupCoordinator id=3] Scheduling unloading of metadata for __consumer_offsets-38 with epoch OptionalInt[2] (org.apache.kafka.coordinator.common.runtime.CoordinatorRuntime)
kafka3        | 2026-09-26T00:27:40.573791546Z [2026-09-26 00:27:40,573] INFO [GroupCoordinator id=3] Scheduling unloading of metadata for __consumer_offsets-4 with epoch OptionalInt[2] (org.apache.kafka.coordinator.common.runtime.CoordinatorRuntime)
kafka3        | 2026-09-26T00:27:40.573899718Z [2026-09-26 00:27:40,573] INFO [GroupCoordinator id=3] Scheduling unloading of metadata for __consumer_offsets-34 with epoch OptionalInt[2] (org.apache.kafka.coordinator.common.runtime.CoordinatorRuntime)
kafka3        | 2026-09-26T00:27:40.573956845Z [2026-09-26 00:27:40,573] INFO [GroupCoordinator id=3] Scheduling unloading of metadata for __consumer_offsets-2 with epoch OptionalInt[2] (org.apache.kafka.coordinator.common.runtime.CoordinatorRuntime)
kafka3        | 2026-09-26T00:27:40.575615642Z [2026-09-26 00:27:40,575] INFO [GroupCoordinator id=3] Ignored unloading metadata for __consumer_offsets-2 in epoch OptionalInt[2] since metadata was never loaded. (org.apache.kafka.coordinator.common.runtime.CoordinatorRuntime)
kafka3        | 2026-09-26T00:27:40.576604537Z [2026-09-26 00:27:40,576] INFO [GroupCoordinator id=3] Ignored unloading metadata for __consumer_offsets-4 in epoch OptionalInt[2] since metadata was never loaded. (org.apache.kafka.coordinator.common.runtime.CoordinatorRuntime)
kafka3        | 2026-09-26T00:27:40.576769054Z [2026-09-26 00:27:40,576] INFO [GroupCoordinator id=3] Ignored unloading metadata for __consumer_offsets-34 in epoch OptionalInt[2] since metadata was never loaded. (org.apache.kafka.coordinator.common.runtime.CoordinatorRuntime)
kafka3        | 2026-09-26T00:27:40.576958151Z [2026-09-26 00:27:40,576] INFO [GroupCoordinator id=3] Started unloading metadata for __consumer_offsets-21 with epoch OptionalInt[2]. (org.apache.kafka.coordinator.common.runtime.CoordinatorRuntime)
kafka3        | 2026-09-26T00:27:40.577854507Z [2026-09-26 00:27:40,577] INFO [GroupCoordinator id=3] Finished unloading metadata for __consumer_offsets-21 with epoch OptionalInt[2]. (org.apache.kafka.coordinator.common.runtime.CoordinatorRuntime)
kafka3        | 2026-09-26T00:27:40.578957626Z [2026-09-26 00:27:40,578] INFO [GroupCoordinator id=3] Ignored unloading metadata for __consumer_offsets-38 in epoch OptionalInt[2] since metadata was never loaded. (org.apache.kafka.coordinator.common.runtime.CoordinatorRuntime)
kafka3        | 2026-09-26T00:27:40.583136617Z [2026-09-26 00:27:40,582] INFO [GroupCoordinator id=3] Ignored unloading metadata for __consumer_offsets-27 in epoch OptionalInt[2] since metadata was never loaded. (org.apache.kafka.coordinator.common.runtime.CoordinatorRuntime)
kafka3        | 2026-09-26T00:27:40.583436401Z [2026-09-26 00:27:40,583] INFO [GroupCoordinator id=3] Ignored unloading metadata for __consumer_offsets-30 in epoch OptionalInt[2] since metadata was never loaded. (org.apache.kafka.coordinator.common.runtime.CoordinatorRuntime)
kafka3        | 2026-09-26T00:27:40.583902914Z [2026-09-26 00:27:40,583] INFO [GroupCoordinator id=3] Started unloading metadata for __consumer_offsets-18 with epoch OptionalInt[2]. (org.apache.kafka.coordinator.common.runtime.CoordinatorRuntime)
kafka3        | 2026-09-26T00:27:40.584723975Z [2026-09-26 00:27:40,584] INFO [GroupCoordinator id=3] Finished unloading metadata for __consumer_offsets-18 with epoch OptionalInt[2]. (org.apache.kafka.coordinator.common.runtime.CoordinatorRuntime)
kafka3        | 2026-09-26T00:27:40.588691413Z [2026-09-26 00:27:40,587] INFO [GroupCoordinator id=3] Started unloading metadata for __consumer_offsets-8 with epoch OptionalInt[2]. (org.apache.kafka.coordinator.common.runtime.CoordinatorRuntime)
kafka3        | 2026-09-26T00:27:40.588891720Z [2026-09-26 00:27:40,588] INFO [GroupCoordinator id=3] Finished unloading metadata for __consumer_offsets-8 with epoch OptionalInt[2]. (org.apache.kafka.coordinator.common.runtime.CoordinatorRuntime)
